cvi_json = 1.0
cvi_json = -1.0
cvi_json = 1.23
cvi_json = 123456789.0
cvi_json = 123456789.123
