OK: cvi_json_object_from_fd(valid.json)={ "foo": 123 }
OK: cvi_json_object_from_fd_ex(valid_nested.json, 20)={ "foo": 123, "obj2": { "obj3": { "obj4": { "foo": 999 } } } }
OK: correctly unable to parse contents of valid_nested.json with low max depth: cvi_json_tokener_parse_ex failed: nesting too deep

OK: cvi_json_object_from_file(./not_present.cvi_json) correctly returned NULL: cvi_json_object_from_file: error opening file ./not_present.cvi_json: ERRNO=ENOENT

OK: cvi_json_object_from_fd(closed_fd), expecting NULL, EBADF, got:NULL, cvi_json_object_from_fd: error reading fd 10: ERRNO=EBADF

OK: cvi_json_object_to_file(cvi_json.out, jso)=0
file[cvi_json.out], size=336, contents={"foo":1234,"foo1":"abcdefghijklmnopqrstuvwxyz","foo2":"abcdefghijklmnopqrstuvwxyz","foo3":"abcdefghijklmnopqrstuvwxyz","foo4":"abcdefghijklmnopqrstuvwxyz","foo5":"abcdefghijklmnopqrstuvwxyz","foo6":"abcdefghijklmnopqrstuvwxyz","foo7":"abcdefghijklmnopqrstuvwxyz","foo8":"abcdefghijklmnopqrstuvwxyz","foo9":"abcdefghijklmnopqrstuvwxyz"}

OK: cvi_json_object_to_file_ext(cvi_json2.out, jso, JSON_C_TO_STRING_PRETTY)=0
file[cvi_json2.out], size=367, contents={
  "foo":1234,
  "foo1":"abcdefghijklmnopqrstuvwxyz",
  "foo2":"abcdefghijklmnopqrstuvwxyz",
  "foo3":"abcdefghijklmnopqrstuvwxyz",
  "foo4":"abcdefghijklmnopqrstuvwxyz",
  "foo5":"abcdefghijklmnopqrstuvwxyz",
  "foo6":"abcdefghijklmnopqrstuvwxyz",
  "foo7":"abcdefghijklmnopqrstuvwxyz",
  "foo8":"abcdefghijklmnopqrstuvwxyz",
  "foo9":"abcdefghijklmnopqrstuvwxyz"
}
OK: cvi_json_object_to_fd(cvi_json3.out, jso, JSON_C_TO_STRING_PRETTY)=0
OK: cvi_json_object_to_fd(cvi_json3.out, jso, JSON_C_TO_STRING_PLAIN)=0
file[cvi_json3.out], size=703, contents={
  "foo":1234,
  "foo1":"abcdefghijklmnopqrstuvwxyz",
  "foo2":"abcdefghijklmnopqrstuvwxyz",
  "foo3":"abcdefghijklmnopqrstuvwxyz",
  "foo4":"abcdefghijklmnopqrstuvwxyz",
  "foo5":"abcdefghijklmnopqrstuvwxyz",
  "foo6":"abcdefghijklmnopqrstuvwxyz",
  "foo7":"abcdefghijklmnopqrstuvwxyz",
  "foo8":"abcdefghijklmnopqrstuvwxyz",
  "foo9":"abcdefghijklmnopqrstuvwxyz"
}{"foo":1234,"foo1":"abcdefghijklmnopqrstuvwxyz","foo2":"abcdefghijklmnopqrstuvwxyz","foo3":"abcdefghijklmnopqrstuvwxyz","foo4":"abcdefghijklmnopqrstuvwxyz","foo5":"abcdefghijklmnopqrstuvwxyz","foo6":"abcdefghijklmnopqrstuvwxyz","foo7":"abcdefghijklmnopqrstuvwxyz","foo8":"abcdefghijklmnopqrstuvwxyz","foo9":"abcdefghijklmnopqrstuvwxyz"}
OK: cvi_json_object_from_file(valid.json)={ "foo": 123, "obj2": { "obj3": { "obj4": { "foo": 999 } } } }
OK: cvi_json_object_from_fd(valid.json)={ "foo": 123, "obj2": { "obj3": { "obj4": { "foo": 999 } } } }
